     1                                  ; file.asm - использование файлов в NASM
     2                                  extern printf
     3                                  extern fprintf
     4                                  
     5                                  extern Distance
     6                                  
     7                                  extern AUTOMOBILE
     8                                  extern BUS
     9                                  extern TRUCK
    10                                  
    11                                  
    12                                  ; вывод автомобиля 
    13                                  global OutAutomobile
    14                                  OutAutomobile:
    15                                  section .data
    16 00000000 497420697320612061-         .outfmt db "It is a automobile: fuel_consumption = %d, fuel_capacity = %d, max_speed = %d. Distanse = %lg",10,0
    16 00000009 75746F6D6F62696C65-
    16 00000012 3A206675656C5F636F-
    16 0000001B 6E73756D7074696F6E-
    16 00000024 203D2025642C206675-
    16 0000002D 656C5F636170616369-
    16 00000036 7479203D2025642C20-
    16 0000003F 6D61785F7370656564-
    16 00000048 203D2025642E204469-
    16 00000051 7374616E7365203D20-
    16 0000005A 256C670A00         
    17                                  section .bss
    18 00000000 <res 00000008>              .prect  resq  1
    19 00000008 <res 00000008>              .FILE   resq  1       ; временное хранение указателя на файл
    20 00000010 <res 00000008>              .p      resq  1       ; вычисленный периметр прямоугольника
    21                                  section .text
    22 00000000 55                      push rbp
    23 00000001 4889E5                  mov rbp, rsp
    24                                  
    25                                      ; Сохранени принятых аргументов
    26 00000004 48893C25[00000000]          mov     [.prect], rdi          ; сохраняется адрес поезда
    27 0000000C 48893425[08000000]          mov     [.FILE], rsi          ; сохраняется указатель на файл
    28                                  
    29                                      ; Вычисление идеального времени|расстояния поезда/автомобиля (адрес уже в rdi)
    30 00000014 488B3C25[00000000]          mov     rdi, [.prect]
    31 0000001C E8(00000000)                call    Distance
    32 00000021 F20F110425-                 movsd   [.p], xmm0          ; сохранение (может лишнее) идельного времени
    32 00000026 [10000000]         
    33                                  
    34 0000002A 488B3C25[08000000]         mov     rdi, [.FILE]
    35 00000032 48BE-                       mov     rsi, .outfmt        ; Формат - 2-й аргумент
    35 00000034 [0000000000000000] 
    36 0000003C 488B0425[00000000]          mov     rax, [.prect]      ; адрес треугольника
    37 00000044 488B08                      mov     rcx,[rax]          ; 0 int displacement
    38 00000047 488B5004                    mov     rdx, [rax+4]        ; +4 int type
    39 0000004B 4C8B4008                    mov     r8, [rax+8]       ; +4+4 int speed
    40                                     ; movsd   xmm0, [rax+12]    ; +4+4+4 double distance
    41 0000004F F20F100425-                 movsd   xmm0, [.p]
    41 00000054 [10000000]         
    42 00000058 B801000000                  mov     rax, 1              ; есть числа с плавающей точкой
    43 0000005D E8(00000000)                call    fprintf
    44                                      ; Вывод информации о поезде в файл
    45                                     ; mov     rdi, [.FILE]
    46                                  ;    mov     rsi, .outfmt        ; Формат - 2-й аргумент
    47                                  ;    mov     rax, [.prect]        ; адрес поезда
    48                                  ;    mov     esi, [rax]          ; x
    49                                  ;    mov     edx, [rax+4]        ; y
    50                                  ;    mov   ecx, [rax+8]
    51                                  ;    movsd   xmm0, [.p]
    52                                  ;    mov     rax, 1              ; есть числа с плавающей точкой
    53                                  ;    call    fprintf
    54                                  
    55 00000062 C9                      leave
    56 00000063 C3                      ret
    57                                  ; вывод автобуса
    58                                  global OutBus
    59                                  OutBus:
    60                                  section .data
    61 0000005F 497420697320612062-         .outfmt db "It is a bus:  fuel_consumption =  %d, fuel_capacity = %d, passenger_capacity  =  %d. Distance = %lg",10,0
    61 00000068 75733A20206675656C-
    61 00000071 5F636F6E73756D7074-
    61 0000007A 696F6E203D20202564-
    61 00000083 2C206675656C5F6361-
    61 0000008C 706163697479203D20-
    61 00000095 25642C207061737365-
    61 0000009E 6E6765725F63617061-
    61 000000A7 6369747920203D2020-
    61 000000B0 25642E204469737461-
    61 000000B9 6E6365203D20256C67-
    61 000000C2 0A00               
    62                                  section .bss
    63 00000018 <res 00000008>              .ptrian  resq  1
    64 00000020 <res 00000008>              .FILE   resq  1       ; временное хранение указателя на файл
    65 00000028 <res 00000008>              .p      resq  1       ; вычисленный периметр треугольника
    66                                  section .text
    67 00000064 55                      push rbp
    68 00000065 4889E5                  mov rbp, rsp
    69                                  
    70                                      ; Сохранени принятых аргументов
    71 00000068 48893C25[18000000]          mov     [.ptrian], rdi        ; сохраняется адрес автобуса
    72 00000070 48893425[20000000]          mov     [.FILE], rsi          ; сохраняется указатель на файл
    73                                  
    74                                      ; Вычисление периметра треугольника (адрес уже в rdi)
    75 00000078 E8(00000000)                call    Distance
    76 0000007D F20F110425-                 movsd   [.p], xmm0          ; сохранение (может лишнее) периметра
    76 00000082 [28000000]         
    77                                  
    78                                      ; Вывод информации о треугольнике в консоль
    79                                  ;     mov     rdi, .outfmt        ; Формат - 1-й аргумент
    80                                  ;     mov     rax, [.ptrian]       ; адрес треугольника
    81                                  ;     mov     esi, [rax]          ; a
    82                                  ;     mov     edx, [rax+4]        ; b
    83                                  ;     mov     ecx, [rax+8]        ; c
    84                                  ;     movsd   xmm0, [.p]
    85                                  ;     mov     rax, 1              ; есть числа с плавающей точкой
    86                                  ;     call    printf
    87                                  
    88                                      ; Вывод информации о bus в файл
    89 00000086 488B3C25[20000000]          mov     rdi, [.FILE]
    90 0000008E 48BE-                       mov     rsi, .outfmt        ; Формат - 2-й аргумент
    90 00000090 [5F00000000000000] 
    91 00000098 488B0425[18000000]          mov     rax, [.ptrian]      ; адрес треугольника
    92 000000A0 488B08                      mov     rcx,[rax]          ; 0 int displacement
    93 000000A3 488B5004                    mov     rdx, [rax+4]        ; +4 int type
    94 000000A7 4C8B4008                    mov     r8, [rax+8]       ; +4+4 int speed
    95                                     ; movsd   xmm0, [rax+12]    ; +4+4+4 double distance
    96 000000AB F20F100425-                 movsd   xmm0, [.p]
    96 000000B0 [28000000]         
    97 000000B4 B801000000                  mov     rax, 1              ; есть числа с плавающей точкой
    98 000000B9 E8(00000000)                call    fprintf
    99                                  
   100 000000BE C9                      leave
   101 000000BF C3                      ret
   102                                  
   103                                  ; вывод грузовика
   104                                  global OutTruck
   105                                  OutTruck:
   106                                  section .data
   107 000000C4 497420697320612074-         .outfmt db "It is a truck:  fuel_consumption = %d, fuel_capacity = %d, lifting_capacity = %d. Distance = %lg",10,0
   107 000000CD 7275636B3A20206675-
   107 000000D6 656C5F636F6E73756D-
   107 000000DF 7074696F6E203D2025-
   107 000000E8 642C206675656C5F63-
   107 000000F1 61706163697479203D-
   107 000000FA 2025642C206C696674-
   107 00000103 696E675F6361706163-
   107 0000010C 697479203D2025642E-
   107 00000115 2044697374616E6365-
   107 0000011E 203D20256C670A00   
   108                                  section .bss
   109 00000030 <res 00000008>              .prect  resq  1
   110 00000038 <res 00000008>              .FILE   resq  1       ; временное хранение указателя на файл
   111 00000040 <res 00000008>              .p      resq  1       ; вычисленное расстояние грузовика
   112                                  section .text
   113 000000C0 55                      push rbp
   114 000000C1 4889E5                  mov rbp, rsp
   115                                  
   116                                      ; Сохранени принятых аргументов
   117 000000C4 48893C25[30000000]          mov     [.prect], rdi          ; сохраняется адрес грузовика
   118 000000CC 48893425[38000000]          mov     [.FILE], rsi          ; сохраняется указатель на файл
   119                                  
   120                                      ; Вычисление идеального времени поезда (адрес уже в rdi)
   121 000000D4 488B3C25[30000000]          mov     rdi, [.prect]
   122 000000DC E8(00000000)                call    Distance
   123 000000E1 F20F110425-                 movsd   [.p], xmm0          ; сохранение (может лишнее) идельного времени
   123 000000E6 [40000000]         
   124                                      ; Вывод информации о поезде в файл
   125 000000EA 488B3C25[38000000]         mov     rdi, [.FILE]
   126 000000F2 48BE-                       mov     rsi, .outfmt        ; Формат - 2-й аргумент
   126 000000F4 [C400000000000000] 
   127 000000FC 488B0425[30000000]          mov     rax, [.prect]      ; адрес треугольника
   128 00000104 488B08                      mov     rcx,[rax]          ; 0 int consumption
   129 00000107 488B5004                    mov     rdx, [rax+4]        ; +4 int capacity
   130 0000010B 4C8B4008                    mov     r8, [rax+8]       ; +4+4 int lifting capacity
   131                                     ; movsd   xmm0, [rax+12]    ; +4+4+4 double distance
   132 0000010F F20F100425-                 movsd   xmm0, [.p]
   132 00000114 [40000000]         
   133 00000118 B801000000                  mov     rax, 1              ; есть числа с плавающей точкой
   134 0000011D E8(00000000)                call    fprintf
   135                                  
   136 00000122 C9                      leave
   137 00000123 C3                      ret
   138                                  ;----------------------------------------------
   139                                  ; // Вывод параметров текущей фигуры в файл
   140                                  ; void OutC(void *s, FILE *ofst) {
   141                                  ;     int k = *((int*)s);
   142                                  ;     if(k == RECTANGLE) {
   143                                  ;         OutRectangle(s+intSize, ofst);
   144                                  ;     }
   145                                  ;     else if(k == TRIANGLE) {
   146                                  ;         OutShip(s+intSize, ofst);
   147                                  ;     }
   148                                  ;     else {
   149                                  ;         fprintf(ofst, "Incorrect figure!\n");
   150                                  ;     }
   151                                  ; }
   152                                  global OutCar
   153                                  OutCar:
   154                                  section .data
   155 00000126 496E636F7272656374-         .erShape db "Incorrect figure!",10,0
   155 0000012F 20666967757265210A-
   155 00000138 00                 
   156 00000139 74797065207472616E-         .outf db "type transoirt  = %d",10,0
   156 00000142 736F69727420203D20-
   156 0000014B 25640A00           
   157                                  section .text
   158 00000124 55                      push rbp
   159 00000125 4889E5                  mov rbp, rsp
   160                                  
   161                                      ; В rdi адрес фигуры
   162 00000128 8B07                        mov eax, [rdi]
   163                                      
   164                                  ;    mov rsi, [rdi]
   165                                  ;    mov rdi, .outf
   166                                  ;    mov rax , 0
   167                                  ;    call printf
   168                                  ;    mov [rdi], rsi
   169                                  ;    
   170                                      
   171 0000012A 3B0425[00000000]            cmp eax, [AUTOMOBILE] 
   172 00000131 7428                        je automobileOut
   173 00000133 3B0425[00000000]            cmp eax, [BUS] ; 
   174 0000013A 742A                        je busOut
   175 0000013C 3B0425[00000000]            cmp eax, [TRUCK]
   176 00000143 742C                        je truckOut
   177 00000145 48BF-                       mov rdi, .erShape
   177 00000147 [2601000000000000] 
   178 0000014F B800000000                  mov rax, 0
   179 00000154 E8(00000000)                call fprintf
   180 00000159 EB21                        jmp     return
   181                                  automobileOut:
   182                                      ; Вывод train
   183 0000015B 4883C704                    add     rdi, 4
   184 0000015F E89CFEFFFF                  call    OutAutomobile
   185 00000164 EB16                        jmp     return
   186                                  busOut:
   187                                      ; Вывод ship
   188 00000166 4883C704                    add     rdi, 4
   189 0000016A E8F5FEFFFF                  call    OutBus
   190 0000016F EB0B                        jmp     return
   191                                  truckOut:
   192 00000171 4883C704                    add     rdi, 4
   193 00000175 E846FFFFFF                  call    OutTruck
   194 0000017A EB00                        jmp     return
   195                                  return:
   196 0000017C C9                      leave
   197 0000017D C3                      ret
   198                                  
   199                                  ;----------------------------------------------
   200                                  ; // Вывод содержимого контейнера в файл
   201                                  global OutContainer
   202                                  OutContainer:
   203                                  section .data
   204 0000014F 25643A2000                  numFmt  db  "%d: ",0
   205                                  section .bss
   206 00000048 <res 00000008>              .pcont  resq    1   ; адрес контейнера
   207 00000050 <res 00000004>              .len    resd    1   ; адрес для сохранения числа введенных элементов
   208 00000054 <res 00000008>              .FILE   resq    1   ; указатель на файл
   209                                  section .text
   210 0000017E 55                      push rbp
   211 0000017F 4889E5                  mov rbp, rsp
   212                                  
   213 00000182 48893C25[48000000]          mov [.pcont], rdi   ; сохраняется указатель на контейнер
   214 0000018A 893425[50000000]            mov [.len],   esi     ; сохраняется число элементов
   215 00000191 48891425[54000000]          mov [.FILE],  rdx    ; сохраняется указатель на файл
   216                                  
   217                                      ; В rdi адрес начала контейнера
   218 00000199 4889F3                      mov rbx, rsi            ; число фигур
   219 0000019C 31C9                        xor ecx, ecx            ; счетчик фигур = 0
   220 0000019E 4889D6                      mov rsi, rdx            ; перенос указателя на файл
   221                                  .loop:
   222 000001A1 39D9                        cmp ecx, ebx            ; проверка на окончание цикла
   223 000001A3 7D4D                        jge .return             ; Перебрали все фигуры
   224                                  
   225 000001A5 53                          push rbx
   226 000001A6 51                          push rcx
   227                                  
   228                                      ; Вывод номера фигуры
   229 000001A7 488B3C25[54000000]          mov     rdi, [.FILE]    ; текущий указатель на файл
   230 000001AF 48BE-                       mov     rsi, numFmt     ; формат для вывода фигуры
   230 000001B1 [4F01000000000000] 
   231 000001B9 89CA                        mov     edx, ecx        ; индекс текущей фигуры
   232 000001BB 4831C0                      xor     rax, rax,       ; только целочисленные регистры
   233 000001BE E8(00000000)                call fprintf
   234                                  
   235                                      ; Вывод текущей фигуры
   236 000001C3 488B3C25[48000000]          mov     rdi, [.pcont]
   237 000001CB 488B3425[54000000]          mov     rsi, [.FILE]
   238 000001D3 E84CFFFFFF                  call OutCar     ; Получение периметра первой фигуры
   239                                  
   240 000001D8 59                          pop rcx
   241 000001D9 5B                          pop rbx
   242 000001DA FFC1                        inc ecx                 ; индекс следующей фигуры
   243                                  
   244 000001DC 488B0425[48000000]          mov     rax, [.pcont]
   245 000001E4 4883C018                    add     rax, 24         ; адрес следующей фигуры
   246 000001E8 48890425[48000000]          mov     [.pcont], rax
   247 000001F0 EBAF                        jmp .loop
   248                                  .return:
   249 000001F2 C9                      leave
   250 000001F3 C3                      ret
   251                                  
